
// File generated by darts version U-2022.12#3eec2545bc#230622, Thu Jul 10 14:07:56 2025
// Copyright 2014-2022 Synopsys, Inc. All rights reserved.
// darts -I/tools/Xilinx/Vitis/2023.2/aietools/data/versal_prod/lib -d -h -I/tools/Xilinx/Vitis/2023.2/aietools/include -I/tools/Xilinx/Vitis/2023.2/aietools/data/versal_prod/lib/runtime_cxx/libcxx-lite/include -I/tools/Xilinx/Vitis/2023.2/aietools/data/versal_prod/lib/runtime_cxx/libs/libcxx-9.0.0/include-lite -I/tools/Xilinx/Vitis/2023.2/aietools/data/versal_prod/lib/runtime/include -D__AIENGINE__ -D__AIE_ARCH__=10 -D__AIEARCH__=10 -D__tct_tgt__=230622 -L +Ihex +nanno vect_scale_mult.o me

// Release: ipp U-2022.12-TGT-230622
.data_segment_name
.rodata local 1 str DMb
	0x45
	0x6e
	0x74
	0x65
	0x72
	0x65
	0x64
	0x20
	0x65
	0x78
	0x74
	0x65
	0x72
	0x6e
	0x61
	0x6c
	0x20
	0x66
	0x75
	0x6e
	0x63
	0x74
	0x69
	0x6f
	0x6e
	0x21
	0x0

.undef local data str

.undef global data _ZN12me_primitive3ss0E


.undef global data _ZN12me_primitive3ms0E


.undef global data _ZN12me_primitive4sst0E


.undef global data _ZN12me_primitive4ssc0E


.undef global data _ZN12me_primitive5wsst0E


.undef global data _ZN12me_primitive4msc0E


.undef global data _ZN12me_primitive3ss1E


.undef global data _ZN12me_primitive3ms1E


.undef global data _ZN12me_primitive4sst1E


.undef global data _ZN12me_primitive4ssc1E


.undef global data _ZN12me_primitive5wsst1E


.undef global data _ZN12me_primitive4msc1E


.undef global data ZERO

.undef global data ONES

.text_segment_name
.text global 16 vector_scalar_mul_aie_scalar
.function_start
	     0    0x00 0x00 0x06 0xfc 0x08 0x10 0x40 0x77                                          NOP;                                                                  MOV.s12 m0, #32;              MOV r0, p7
	     8    0x08 0x90 0x00 0x00 0x00 0x00 0x00 0x37                                          PADDA [sp], m0;                         NOP;                          NOP
	    16    0x00 0x01                                                                        NOP
	    18    0x80 0x00 0x00 0xc8 0xff 0xec 0x47 0xf7                                                                                  NOP;                                                        ST.SPIL lr, [sp, #-20];       NOP
.no_stack_arguments
	    26    0xaf 0x7f 0xe8 0xa0 0x20 0x00 0x07 0xf7                                                                                  ST r11, [sp, #-12];                                         JAL #puts;                    NOP
.delay_slot
	    34    0x5d 0x3f 0xf0 0x00 0x00 0x34 0xde 0xf7                                                                                  ST r4, [sp, #-4];             NOP;                          MOV p7, p1
.delay_slot
	    42    0xc2 0x95                                                                        MOV p1, r0
.delay_slot
	    44    0x0e 0xdd 0x98 0x03                                                              NOP;                                                                                                MOV r11, r6
.delay_slot
	    48    0x5a 0x3f 0xc0 0x00 0x00 0x3b 0xe8 0xf7                                                                                  ST p0, [sp, #-16];            NOP;                          MOV r4, r7
.delay_slot
	    56    0xad 0x3f 0xf0 0x40 0xa0 0x00 0x07 0xf7                                                                                  ST p1, [sp, #-8];                                           MOV.u20 p0, #str;             NOP
.return_address
	    64    0x40 0x03 0xc0 0x03                                                              NOP;                                                                  MOV.s12 r12, #0
	    68    0x3a 0x4c 0xc0 0x03                                                              NOP;                                                                  GE r12, r12, r4
	    72    0x80 0x00 0x00 0x91 0x80 0x0f 0x07 0xf7                                                                                  NOP;                                                        BNEZ r12,#TGT_Fvector_scalar_mul_aie_scalar_240;NOP
.delay_slot
	    80    0x58 0xfe 0xf8 0x03                                                              NOP;                LDB lr, [sp, #-20]
.delay_slot
.swstall delay_slot
	    84    0x00 0x01                                                                        NOP
.delay_slot
.swstall delay_slot
	    86    0x00 0x01                                                                        NOP
.delay_slot
.swstall delay_slot
	    88    0x00 0x01                                                                        NOP
.delay_slot
.swstall delay_slot
	    90    0x00 0x01                                                                        NOP
	    92    0x68 0xff 0x00 0x00 0x03 0x80 0x80 0x04 0x06 0x00 0x80 0x3f                      LDA p0, [sp, #-16]; NOP;                                              ADD lc, r4, #0;               MOV.u20 ls, #(ZLS_Fvector_scalar_mul_aie_scalar_128 + 0);NOP
	   104    0x80 0x00 0x00 0x40 0x6c 0x0e 0x07 0xf7                                                                                  NOP;                                                        MOV.u20 le, #(ZLE_Fvector_scalar_mul_aie_scalar_224 + 0);NOP
	   112    0x00 0x01                                                                        NOP
	   114    0x00 0x01                                                                        NOP
	   116    0x00 0x01                                                                        NOP
	   118    0x00 0x01                                                                        NOP
	   120    0x00 0x00 0x00 0x03                                                              NOP;                                                                  NOP
	   124    0x00 0x00 0x00 0x03                                                              NOP;                                                                  NOP
.label ZLS_Fvector_scalar_mul_aie_scalar_128
.loop_nesting 1
.begin_of_loop
	   128    0x7c 0xa2 0x00 0x00 0x00 0x00 0x00 0x37                                          LDA r12, [p0], #4;                      NOP;                          NOP
	   136    0x00 0x01                                                                        NOP
	   138    0x00 0x01                                                                        NOP
	   140    0x00 0x01                                                                        NOP
	   142    0x00 0x01                                                                        NOP
	   144    0x00 0x00 0x00 0x03                                                              NOP;                                                                  NOP
	   148    0x00 0x00 0x00 0x00 0x00 0x00 0x00 0x00 0x00 0x00 0x00 0x1f                      NOP;                NOP;                NOP;                          NOP;                          NOP
	   160    0x00 0x00 0x00 0x00 0x00 0x00 0x00 0x00 0x00 0x00 0x00 0x00 0x00 0x00 0x00 0x02  NOP;                NOP;                NOP;                          NOP;                          NOP;                          NOP;                                    NOP
	   176    0x00 0x00 0x00 0x00 0x00 0x00 0x00 0x00 0x00 0x00 0x1b 0xde 0x68 0x00 0x00 0x02  NOP;                NOP;                NOP;                          MUL r13, r12, r11;            NOP;                          NOP;                                    NOP
	   192    0x00 0x00 0x00 0x00 0x00 0x00 0x00 0x00 0x00 0x00 0x00 0x00 0x00 0x00 0x00 0x02  NOP;                NOP;                NOP;                          NOP;                          NOP;                          NOP;                                    NOP
	   208    0x00 0x00 0x00 0x00 0x00 0x00 0x00 0x00 0x00 0x00 0x00 0x00 0x00 0x00 0x00 0x02  NOP;                NOP;                NOP;                          NOP;                          NOP;                          NOP;                                    NOP
.label ZLE_Fvector_scalar_mul_aie_scalar_224
.end_of_loop
	   224    0x00 0x00 0x00 0x00 0x05 0xf6 0x8f 0x00 0x00 0x00 0x00 0x00 0x00 0x00 0x00 0x02  NOP;                NOP;                ST r13, [p7], #4;             NOP;                          NOP;                          NOP;                                    NOP
.label TGT_Fvector_scalar_mul_aie_scalar_240
.loop_nesting 0
	   240    0x80 0x00 0x00 0xc7 0xd3 0xff 0xe7 0xf7                                                                                  NOP;                                                        LDA.SPIL r4, [sp, #-4];       NOP
	   248    0x80 0x00 0x00 0xc7 0xef 0xfe 0xe7 0xf7                                                                                  NOP;                                                        LDA.SPIL r11, [sp, #-12];     NOP
	   256    0x80 0x00 0x00 0xc7 0xbf 0xff 0x67 0xf7                                                                                  NOP;                                                        LDA.SPIL p7, [sp, #-8];       NOP
	   264    0x00 0x01                                                                        NOP
	   266    0x01 0x01                                                                        RET lr
.delay_slot
.swstall delay_slot
	   268    0x00 0x01                                                                        NOP
.delay_slot
.swstall delay_slot
	   270    0x00 0x01                                                                        NOP
.delay_slot
	   272    0x7f 0x82 0x00 0x03                                                              NOP;                                                                  MOV.s12 m0, #-32
.delay_slot
	   276    0x08 0x90 0x00 0x00 0x00 0x00 0x00 0x37                                          PADDA [sp], m0;                         NOP;                          NOP
.label vector_scalar_mul_aie_scalar__end last
.delay_slot
.swstall delay_slot
	   284    0x00 0x01                                                                        NOP

.undef global text puts



.direct_eval +,-,(,)
