
// File generated by darts version U-2022.12#3eec2545bc#230622, Tue Jul 15 15:45:04 2025
// Copyright 2014-2022 Synopsys, Inc. All rights reserved.
// darts -I/tools/Xilinx/Vitis/2023.2/aietools/data/versal_prod/lib -d -h -I/tools/Xilinx/Vitis/2023.2/aietools/include -I/tools/Xilinx/Vitis/2023.2/aietools/include -I/tools/Xilinx/Vitis/2023.2/aietools/data/versal_prod/lib/runtime_cxx/libcxx-lite/include -I/tools/Xilinx/Vitis/2023.2/aietools/data/versal_prod/lib/runtime_cxx/libs/libcxx-9.0.0/include-lite -I/tools/Xilinx/Vitis/2023.2/aietools/data/versal_prod/lib/runtime/include -D__AIENGINE__ -D__AIE_ARCH__=10 -D__AIEARCH__=10 -D__tct_tgt__=230622 -L +Ihex +nanno gemm.o me

// Release: ipp U-2022.12-TGT-230622
.undef global data _ZN12me_primitive3ss0E


.undef global data _ZN12me_primitive3ms0E


.undef global data _ZN12me_primitive4sst0E


.undef global data _ZN12me_primitive4ssc0E


.undef global data _ZN12me_primitive5wsst0E


.undef global data _ZN12me_primitive4msc0E


.undef global data _ZN12me_primitive3ss1E


.undef global data _ZN12me_primitive3ms1E


.undef global data _ZN12me_primitive4sst1E


.undef global data _ZN12me_primitive4ssc1E


.undef global data _ZN12me_primitive5wsst1E


.undef global data _ZN12me_primitive4msc1E


.undef global data ZERO

.undef global data ONES

.text_segment_name
.text weak 16 _Z13matmul_simpleILi4ELi4ELi4EEvPKiS1_Pi
.function_start
	     0    0x30 0xf5 0x18 0xc0 0x00 0x00 0x01 0x00 0x4f 0x30 0x8e 0x5f                      MOV.s10 m0, #-44;   MOV.s9 r8, #0;      NOP;                          MOV.s12 r12, #4;              MOV.s8 r9, #8
	    12    0x31 0xf1 0x1d 0xc1 0x80 0x00 0x00 0xd7 0x23 0x86 0x8b 0x1f                      MOV.s10 m1, #-60;   MOV.s9 r13, #12;    NOP;                          OR r14, r8, r12;              MOV p4, p0
	    24    0x24 0x00 0xc7 0xe6 0x86 0xb3 0x0a 0x77                                          MOV.s10 lc, #3;                                                       OR r5, r8, r9;                MOV cs2, r14
	    32    0x77 0xa8 0x76 0xe8 0x80 0x00 0x00 0xd7 0x60 0x07 0x56 0x5f                      LDA r7, [p1], #16;  LDB r6, [p4];       NOP;                          OR r0, r8, r13;               MOV cs1, r5
	    44    0x75 0xc4 0x3e 0xd4 0x20 0x00 0x00 0x10 0x00 0x07 0x06 0x1f                      LDA r5, [p0, cs2];  LDB r14, [p1], #16; NOP;                          EVENT #0;                     MOV cs0, r0
	    56    0x72 0xc2 0x31 0xd4 0x20 0x00 0x00 0x84 0x22 0x07 0x42 0x1f                      LDA r2, [p0, cs1];  LDB r1, [p1], #16;  NOP;                          ADD r8, r8, #16;              MOV cl0, r4
	    68    0x70 0x80 0x73 0xe0 0x10 0x00 0x00 0x04 0x06 0x01 0x50 0x3f                      LDA r0, [p1], m0;   LDB r3, [p0, cs0];  NOP;                                                        MOV.u20 ls, #(ZLS_F_Z13matmul_simpleILi4ELi4ELi4EEvPKiS1_Pi_336 + 0);NOP
	    80    0xaa 0xb5                                                                        MOV p3, p2
	    82    0x80 0x00 0x00 0x40 0x6c 0x29 0x07 0xf7                                                                                  NOP;                                                        MOV.u20 le, #(ZLE_F_Z13matmul_simpleILi4ELi4ELi4EEvPKiS1_Pi_656 + 0);NOP
	    90    0x00 0x01                                                                        NOP
	    92    0x00 0x01                                                                        NOP
	    94    0x00 0x01                                                                        NOP
	    96    0x37 0x76 0x60 0x03                                                              NOP;                                                                  MUL r6, r6, r7
	   100    0x37 0x5e 0xe0 0x03                                                              NOP;                                                                  MUL r14, r14, r5
	   104    0x37 0x12 0x10 0x03                                                              NOP;                                                                  MUL r1, r2, r1
	   108    0x37 0x30 0x00 0x03                                                              NOP;                                                                  MUL r0, r0, r3
	   112    0x00 0x01                                                                        NOP
	   114    0x00 0x01                                                                        NOP
	   116    0x30 0xe6 0xe0 0x03                                                              NOP;                                                                  ADD r14, r6, r14
	   120    0x30 0x1e 0xe0 0x03                                                              NOP;                                                                  ADD r14, r14, r1
	   124    0x30 0xe0 0xe0 0x03                                                              NOP;                                                                  ADD r14, r0, r14
	   128    0xaf 0xd5 0x18 0x03                                                              NOP;                                    ST r14, [p3], #16
	   132    0x7e 0xa8 0x70 0xe8 0x80 0x00 0x00 0x17                                          LDA r14, [p1], #16; LDB r0, [p4];                                     NOP
	   140    0x77 0xc4 0x35 0xd4 0x20 0x00 0x00 0x17                                          LDA r7, [p0, cs2];  LDB r5, [p1], #16;                                NOP
	   148    0x72 0xc2 0x33 0xd4 0x20 0x00 0x00 0x17                                          LDA r2, [p0, cs1];  LDB r3, [p1], #16;                                NOP
	   156    0x7f 0xc0 0x31 0xc0 0x20 0x00 0x00 0x17                                          LDA r15, [p0, cs0]; LDB r1, [p1], m0;                                 NOP
	   164    0x00 0x01                                                                        NOP
	   166    0x00 0x01                                                                        NOP
	   168    0x00 0x01                                                                        NOP
	   170    0x00 0x01                                                                        NOP
	   172    0x00 0x01                                                                        NOP
	   174    0x37 0xe0 0xe0 0x03                                                              NOP;                                                                  MUL r14, r0, r14
	   178    0x37 0x75 0x00 0x03                                                              NOP;                                                                  MUL r0, r5, r7
	   182    0x37 0x32 0x20 0x03                                                              NOP;                                                                  MUL r2, r2, r3
	   186    0x37 0xf1 0xf0 0x03                                                              NOP;                                                                  MUL r15, r1, r15
	   190    0x00 0x01                                                                        NOP
	   192    0x00 0x01                                                                        NOP
	   194    0x30 0xe0 0xe0 0x03                                                              NOP;                                                                  ADD r14, r0, r14
	   198    0x30 0xe2 0xe0 0x03                                                              NOP;                                                                  ADD r14, r2, r14
	   202    0x30 0xfe 0xe0 0x03                                                              NOP;                                                                  ADD r14, r14, r15
	   206    0xaf 0xd8 0x90 0x03                                                              NOP;                                    ST r14, [p2, cs2]
	   210    0x7f 0xc4 0x3e 0xd4 0x20 0x00 0x00 0x17                                          LDA r15, [p0, cs2]; LDB r14, [p1], #16;                               NOP
	   218    0x70 0xd1 0x33 0xd4 0x20 0x00 0x00 0x17                                          LDA r0, [p4];       LDB r3, [p1], #16;                                NOP
	   226    0x75 0xc2 0x31 0xd4 0x20 0x00 0x00 0x17                                          LDA r5, [p0, cs1];  LDB r1, [p1], #16;                                NOP
	   234    0x74 0xc0 0x32 0xc0 0x20 0x00 0x00 0x17                                          LDA r4, [p0, cs0];  LDB r2, [p1], m0;                                 NOP
	   242    0x00 0x01                                                                        NOP
	   244    0x00 0x01                                                                        NOP
	   246    0x00 0x01                                                                        NOP
	   248    0x00 0x01                                                                        NOP
	   250    0x00 0x01                                                                        NOP
	   252    0x37 0xf3 0xf0 0x03                                                              NOP;                                                                  MUL r15, r3, r15
	   256    0x37 0xe0 0x30 0x03                                                              NOP;                                                                  MUL r3, r0, r14
	   260    0x37 0x51 0x10 0x03                                                              NOP;                                                                  MUL r1, r1, r5
	   264    0x37 0x24 0x20 0x03                                                              NOP;                                                                  MUL r2, r4, r2
	   268    0x00 0x01                                                                        NOP
	   270    0x00 0x01                                                                        NOP
	   272    0x30 0xf3 0xf0 0x03                                                              NOP;                                                                  ADD r15, r3, r15
	   276    0x30 0xf1 0xf0 0x03                                                              NOP;                                                                  ADD r15, r1, r15
	   280    0x30 0xf2 0xf0 0x03                                                              NOP;                                                                  ADD r15, r2, r15
	   284    0xaf 0xf8 0x50 0x03                                                              NOP;                                    ST r15, [p2, cs1]
	   288    0x74 0xa9 0x32 0xd4 0x20 0x00 0x00 0x17                                          LDA r4, [p4], #16;  LDB r2, [p1], #16;                                NOP
	   296    0x7f 0xc4 0x33 0xd4 0x20 0x00 0x00 0x17                                          LDA r15, [p0, cs2]; LDB r3, [p1], #16;                                NOP
	   304    0x76 0xc2 0x35 0xd4 0x20 0x00 0x00 0x17                                          LDA r6, [p0, cs1];  LDB r5, [p1], #16;                                NOP
	   312    0x70 0xc0 0x31 0xc1 0x20 0x00 0x00 0x17                                          LDA r0, [p0, cs0];  LDB r1, [p1], m1;                                 NOP
	   320    0x00 0x01                                                                        NOP
	   322    0x00 0x01                                                                        NOP
	   324    0x00 0x01                                                                        NOP
	   326    0x00 0x01                                                                        NOP
	   328    0x00 0x01                                                                        NOP
	   330    0x00 0x01                                                                        NOP
	   332    0x00 0x00 0x00 0x03                                                              NOP;                                                                  NOP
.label ZLS_F_Z13matmul_simpleILi4ELi4ELi4EEvPKiS1_Pi_336
.loop_nesting 1
.begin_of_loop
	   336    0x35 0xc8 0xe0 0x03                                                              NOP;                                                                  OR r14, r8, r12
	   340    0x00 0x01                                                                        NOP
	   342    0x37 0x24 0x20 0x03                                                              NOP;                                                                  MUL r2, r4, r2
	   346    0x37 0xf3 0xf0 0x03                                                              NOP;                                                                  MUL r15, r3, r15
	   350    0x37 0x56 0x30 0x03                                                              NOP;                                                                  MUL r3, r6, r5
	   354    0x00 0x01                                                                        NOP
	   356    0x37 0x10 0x40 0x03                                                              NOP;                                                                  MUL r4, r0, r1
	   360    0x30 0xf2 0xf0 0x03                                                              NOP;                                                                  ADD r15, r2, r15
	   364    0x00 0x01                                                                        NOP
	   366    0x30 0xf3 0xf0 0x03                                                              NOP;                                                                  ADD r15, r3, r15
	   370    0x00 0x00 0x07 0xe6 0x86 0x1e 0x88 0x77                                          NOP;                                                                  ADD r4, r4, r15;              MOV cs2, r14
	   378    0x00 0x00 0x1a 0xcc 0x2a 0xe9 0x81 0x37                                          NOP;                                    ST r4, [p2, cs0];             OR r5, r8, r9
	   386    0x77 0xa8 0x76 0xe8 0x80 0x00 0x00 0xd7 0x60 0x07 0x56 0x5f                      LDA r7, [p1], #16;  LDB r6, [p4];       NOP;                          OR r0, r8, r13;               MOV cs1, r5
	   398    0x7e 0xa8 0x75 0xe2 0x03 0x83 0x00 0x57                                          LDA r14, [p1], #16; LDB r5, [p0, cs2];                                                              MOV cs0, r0
	   406    0x71 0xa8 0x72 0xe1 0x00 0x00 0x00 0x17                                          LDA r1, [p1], #16;  LDB r2, [p0, cs1];                                NOP
	   414    0x67 0xc0 0x38 0x03                                                              NOP;                LDB r3, [p0, cs0]
	   418    0x61 0x80 0x78 0x03                                                              NOP;                LDB r0, [p1], m0
	   422    0x00 0x01                                                                        NOP
	   424    0x00 0x01                                                                        NOP
	   426    0x00 0x01                                                                        NOP
	   428    0x37 0x76 0x60 0x03                                                              NOP;                                                                  MUL r6, r6, r7
	   432    0x37 0x5e 0xe0 0x03                                                              NOP;                                                                  MUL r14, r14, r5
	   436    0x37 0x12 0x10 0x03                                                              NOP;                                                                  MUL r1, r2, r1
	   440    0x00 0x01                                                                        NOP
	   442    0x37 0x30 0x00 0x03                                                              NOP;                                                                  MUL r0, r0, r3
	   446    0x30 0xe6 0xe0 0x03                                                              NOP;                                                                  ADD r14, r6, r14
	   450    0x00 0x01                                                                        NOP
	   452    0x30 0x1e 0xe0 0x03                                                              NOP;                                                                  ADD r14, r14, r1
	   456    0x30 0xe0 0xe0 0x03                                                              NOP;                                                                  ADD r14, r0, r14
	   460    0xaf 0xd5 0x18 0x03                                                              NOP;                                    ST r14, [p3], #16
	   464    0x7e 0xa8 0x70 0xe8 0x80 0x00 0x00 0x17                                          LDA r14, [p1], #16; LDB r0, [p4];                                     NOP
	   472    0x75 0xa8 0x77 0xe2 0x00 0x00 0x00 0x17                                          LDA r5, [p1], #16;  LDB r7, [p0, cs2];                                NOP
	   480    0x73 0xa8 0x72 0xe1 0x00 0x00 0x00 0x17                                          LDA r3, [p1], #16;  LDB r2, [p0, cs1];                                NOP
	   488    0x7f 0xc0 0x38 0x03                                                              NOP;                LDB r15, [p0, cs0]
	   492    0x63 0x80 0x78 0x03                                                              NOP;                LDB r1, [p1], m0
	   496    0x00 0x01                                                                        NOP
	   498    0x00 0x01                                                                        NOP
	   500    0x00 0x01                                                                        NOP
	   502    0x37 0xe0 0xe0 0x03                                                              NOP;                                                                  MUL r14, r0, r14
	   506    0x37 0x75 0x00 0x03                                                              NOP;                                                                  MUL r0, r5, r7
	   510    0x37 0x32 0x20 0x03                                                              NOP;                                                                  MUL r2, r2, r3
	   514    0x00 0x01                                                                        NOP
	   516    0x37 0xf1 0xf0 0x03                                                              NOP;                                                                  MUL r15, r1, r15
	   520    0x30 0xe0 0xe0 0x03                                                              NOP;                                                                  ADD r14, r0, r14
	   524    0x00 0x01                                                                        NOP
	   526    0x30 0xe2 0xe0 0x03                                                              NOP;                                                                  ADD r14, r2, r14
	   530    0x30 0xfe 0xe0 0x03                                                              NOP;                                                                  ADD r14, r14, r15
	   534    0xaf 0xd8 0x90 0x03                                                              NOP;                                    ST r14, [p2, cs2]
	   538    0x7e 0xa8 0x70 0xe8 0x80 0x00 0x00 0x17                                          LDA r14, [p1], #16; LDB r0, [p4];                                     NOP
	   546    0x73 0xa8 0x7f 0xe2 0x00 0x00 0x00 0x17                                          LDA r3, [p1], #16;  LDB r15, [p0, cs2];                               NOP
	   554    0x71 0xa8 0x75 0xe1 0x00 0x00 0x00 0x17                                          LDA r1, [p1], #16;  LDB r5, [p0, cs1];                                NOP
	   562    0x69 0xc0 0x38 0x03                                                              NOP;                LDB r4, [p0, cs0]
	   566    0x65 0x80 0x78 0x03                                                              NOP;                LDB r2, [p1], m0
	   570    0x00 0x01                                                                        NOP
	   572    0x00 0x01                                                                        NOP
	   574    0x00 0x01                                                                        NOP
.noswbrkpt
	   576    0x37 0xe0 0x30 0x03                                                              NOP;                                                                  MUL r3, r0, r14
.nohwbrkpt
.noswbrkpt
	   580    0x37 0xf3 0xf0 0x03                                                              NOP;                                                                  MUL r15, r3, r15
	   584    0x37 0x51 0x10 0x03                                                              NOP;                                                                  MUL r1, r1, r5
	   588    0x00 0x01                                                                        NOP
	   590    0x37 0x24 0x20 0x03                                                              NOP;                                                                  MUL r2, r4, r2
	   594    0x30 0xf3 0xf0 0x03                                                              NOP;                                                                  ADD r15, r3, r15
	   598    0x00 0x01                                                                        NOP
	   600    0x30 0xf1 0xf0 0x03                                                              NOP;                                                                  ADD r15, r1, r15
	   604    0x30 0xf2 0xf0 0x03                                                              NOP;                                                                  ADD r15, r2, r15
	   608    0xaf 0xf8 0x50 0x03                                                              NOP;                                    ST r15, [p2, cs1]
	   612    0x72 0xa8 0x74 0xd4 0x80 0x00 0x00 0x17                                          LDA r2, [p1], #16;  LDB r4, [p4], #16;                                NOP
	   620    0x73 0xa8 0x7f 0xe2 0x00 0x00 0x00 0x17                                          LDA r3, [p1], #16;  LDB r15, [p0, cs2];                               NOP
	   628    0x75 0xa8 0x76 0xe1 0x00 0x00 0x00 0x17                                          LDA r5, [p1], #16;  LDB r6, [p0, cs1];                                NOP
	   636    0x61 0xc0 0x38 0x03                                                              NOP;                LDB r0, [p0, cs0]
	   640    0x00 0x00 0x31 0xc1 0x20 0x00 0x00 0x00 0x00 0x00 0x00 0x00 0x00 0x00 0x00 0x02  NOP;                LDB r1, [p1], m1;   NOP;                          NOP;                          NOP;                          NOP;                                    NOP
.label ZLE_F_Z13matmul_simpleILi4ELi4ELi4EEvPKiS1_Pi_656
.end_of_loop
	   656    0x00 0x00 0x00 0x00 0x00 0x00 0x00 0x00 0x00 0x00 0x10 0x84 0x40 0x00 0x00 0x02  NOP;                NOP;                NOP;                          ADD r8, r8, #16;              NOP;                          NOP;                                    NOP
.loop_nesting 0
	   672    0x00 0x01                                                                        NOP
	   674    0x00 0x01                                                                        NOP
	   676    0x37 0x24 0x20 0x03                                                              NOP;                                                                  MUL r2, r4, r2
	   680    0x37 0xf3 0xf0 0x03                                                              NOP;                                                                  MUL r15, r3, r15
	   684    0x37 0x56 0x30 0x03                                                              NOP;                                                                  MUL r3, r6, r5
	   688    0x00 0x01                                                                        NOP
	   690    0x37 0x10 0x40 0x03                                                              NOP;                                                                  MUL r4, r0, r1
	   694    0x00 0x01                                                                        NOP
	   696    0x01 0x01                                                                        RET lr
.delay_slot
	   698    0x30 0xf2 0xf0 0x03                                                              NOP;                                                                  ADD r15, r2, r15
.delay_slot
	   702    0x30 0xf3 0xf0 0x03                                                              NOP;                                                                  ADD r15, r3, r15
.delay_slot
	   706    0x30 0xf4 0x40 0x03                                                              NOP;                                                                  ADD r4, r4, r15
.delay_slot
	   710    0x5d 0x30 0x20 0x00 0x00 0x24 0x68 0xf7                                                                                  ST r4, [p2, cs0];             NOP;                          MOV r4, cl0
.label _Z13matmul_simpleILi4ELi4ELi4EEvPKiS1_Pi__end last
.delay_slot
	   718    0x04 0x00 0x10 0x03                                                              NOP;                                                                  EVENT #1

.text_segment_name
.text global 10 kernel_mm_simple
.tail_call
.function_start
	     0    0x80 0x00 0x00 0xa0 0x00 0x00 0x07 0xf7                                                                                  NOP;                                                        J #_Z13matmul_simpleILi4ELi4ELi4EEvPKiS1_Pi;NOP
.delay_slot
.swstall delay_slot
	     8    0x00 0x01                                                                        NOP
.delay_slot
.swstall delay_slot
	    10    0x00 0x01                                                                        NOP
.delay_slot
.swstall delay_slot
	    12    0x00 0x01                                                                        NOP
.delay_slot
.swstall delay_slot
	    14    0x00 0x01                                                                        NOP
.label kernel_mm_simple__end last
.delay_slot
.swstall delay_slot
	    16    0x00 0x01                                                                        NOP

.undef global text _Z13matmul_simpleILi4ELi4ELi4EEvPKiS1_Pi



.direct_eval +,-,(,)
