
// File generated by darts version U-2022.12#3eec2545bc#230622, Tue Jul 15 14:53:53 2025
// Copyright 2014-2022 Synopsys, Inc. All rights reserved.
// darts -I/tools/Xilinx/Vitis/2023.2/aietools/data/versal_prod/lib -d -h -I/tools/Xilinx/Vitis/2023.2/aietools/include -I/tools/Xilinx/Vitis/2023.2/aietools/include -I/tools/Xilinx/Vitis/2023.2/aietools/data/versal_prod/lib/runtime_cxx/libcxx-lite/include -I/tools/Xilinx/Vitis/2023.2/aietools/data/versal_prod/lib/runtime_cxx/libs/libcxx-9.0.0/include-lite -I/tools/Xilinx/Vitis/2023.2/aietools/data/versal_prod/lib/runtime/include -D__AIENGINE__ -D__AIE_ARCH__=10 -D__AIEARCH__=10 -D__tct_tgt__=230622 -L +Ihex +nanno gemm_kernel.o me

// Release: ipp U-2022.12-TGT-230622
.data_segment_name
.rodata local 1 str DMb
	0x45
	0x6e
	0x74
	0x65
	0x72
	0x65
	0x64
	0x20
	0x66
	0x75
	0x6e
	0x63
	0x74
	0x69
	0x6f
	0x6e
	0x21
	0x0

.undef local data str

.undef global data _ZN12me_primitive3ss0E


.undef global data _ZN12me_primitive3ms0E


.undef global data _ZN12me_primitive4sst0E


.undef global data _ZN12me_primitive4ssc0E


.undef global data _ZN12me_primitive5wsst0E


.undef global data _ZN12me_primitive4msc0E


.undef global data _ZN12me_primitive3ss1E


.undef global data _ZN12me_primitive3ms1E


.undef global data _ZN12me_primitive4sst1E


.undef global data _ZN12me_primitive4ssc1E


.undef global data _ZN12me_primitive5wsst1E


.undef global data _ZN12me_primitive4msc1E


.undef global data ZERO

.undef global data ONES

.text_segment_name
.text global 16 gemm_kernel_top
.function_start
	     0    0x40 0x82 0x00 0x03                                                              NOP;                                                                  MOV.s12 m0, #32
	     4    0x08 0x90 0x00 0x00 0x00 0x00 0x00 0x37                                          PADDA [sp], m0;                         NOP;                          NOP
	    12    0x00 0x01                                                                        NOP
	    14    0x80 0x00 0x00 0xc8 0xff 0xfc 0x47 0xf7                                                                                  NOP;                                                        ST.SPIL lr, [sp, #-4];        NOP
.no_stack_arguments
	    22    0x80 0x00 0x00 0xa0 0x20 0x00 0x07 0xf7                                                                                  NOP;                                                        JAL #puts;                    NOP
.delay_slot
	    30    0x80 0x00 0x00 0xe9 0xff 0xf4 0x47 0xf7                                                                                  NOP;                                                        ST.SPIL p1, [sp, #-12];       NOP
.delay_slot
	    38    0x80 0x00 0x00 0xe8 0xff 0xf8 0x47 0xf7                                                                                  NOP;                                                        ST.SPIL p0, [sp, #-8];        NOP
.delay_slot
	    46    0xad 0x5f 0xe0 0x40 0xa0 0x00 0x07 0xf7                                                                                  ST p2, [sp, #-16];                                          MOV.u20 p0, #str;             NOP
.delay_slot
.swstall delay_slot
	    54    0x00 0x01                                                                        NOP
.delay_slot
.swstall delay_slot
	    56    0x00 0x00 0x00 0x00 0x00 0x00 0x00 0x37                                          NOP;                                    NOP;                          NOP
.return_address
	    64    0x3d 0x00 0x1d 0xc0 0x50 0x00 0x00 0x04 0x02 0x04 0x01 0x3f                      MOV.s10 r5, #0;     MOV.s9 r13, #2;     NOP;                                                        MOV.u20 cl0, #1025;           NOP
	    76    0x00 0x00 0x1c 0xc0 0xc8 0x02 0x7c 0x04 0x00 0x00 0x00 0x3f                      NOP;                MOV.s9 r12, #6;                                   MOV.s12 r14, #4;              MOV.u20 ch0, #0;              NOP
	    88    0x00 0x00 0x1f 0xc0 0x30 0x00 0x00 0x04 0x02 0xb2 0x10 0x3f                      NOP;                MOV.s9 r15, #1;     NOP;                                                        MOV.u20 cl2, #12816;          NOP
	   100    0x69 0xff 0x40 0x00 0x05 0x01 0xe0 0x00 0x12 0x00 0x01 0x3f                      LDA p1, [sp, #-12]; NOP;                                              ADD.NRM s0, r15, #0;          MOVT.s12 cl0, #1;             NOP
	   112    0x6a 0xff 0x80 0x00 0x10 0x00 0x00 0x04 0x02 0x40 0x00 0x3f                      LDA p2, [sp, #-8];  NOP;                NOP;                                                        MOV.u20 cl1, #0;              NOP
	   124    0x80 0x00 0x00 0xc7 0xa3 0xfe 0x67 0xf7                                                                                  NOP;                                                        LDA.SPIL p0, [sp, #-16];      NOP
	   132    0x58 0xff 0xf8 0x03                                                              NOP;                LDB lr, [sp, #-4]
	   136    0x00 0x01                                                                        NOP
	   138    0x00 0x01                                                                        NOP
	   140    0x00 0x01                                                                        NOP
	   142    0x00 0x01                                                                        NOP
	   144    0x69 0xd0 0x40 0x00 0x00 0x00 0x00 0x37                                          LDA p1, [p1];                           NOP;                          NOP
	   152    0x6a 0xd0 0x80 0x00 0x00 0x00 0x00 0x37                                          LDA p2, [p2];                           NOP;                          NOP
	   160    0x68 0xd0 0x00 0x00 0x00 0x00 0x00 0x37                                          LDA p0, [p0];                           NOP;                          NOP
	   168    0x00 0x01                                                                        NOP
	   170    0x00 0x01                                                                        NOP
	   172    0x00 0x01                                                                        NOP
	   174    0x00 0x01                                                                        NOP
	   176    0x00 0x01                                                                        NOP
	   178    0x12 0xd0 0x40 0x00 0x00 0x00 0x00 0x37                                          VLDA wc0, [p1];                         NOP;                          NOP
	   186    0x02 0xd0 0x80 0x00 0x00 0x00 0x00 0x37                                          VLDA wr0, [p2];                         NOP;                          NOP
	   194    0x00 0x01                                                                        NOP
	   196    0x00 0x01                                                                        NOP
	   198    0x00 0x01                                                                        NOP
	   200    0x00 0x01                                                                        NOP
	   202    0x00 0x01                                                                        NOP
	   204    0x00 0x01                                                                        NOP
	   206    0x80 0x00 0x01 0x04 0x25 0x69 0x40 0x47                                          NOP;                                    NOP;                                                                                                                              VMUL.80 aml1, ya.s32, r5, c1, r5, wc0.s32, #0, c2, c0
	   214    0x80 0x00 0x01 0x24 0x27 0x69 0x40 0x47                                          NOP;                                    NOP;                                                                                                                              VMUL.80 amh1, ya.s32, r13, c1, r5, wc0.s32, #0, c2, c0
	   222    0x80 0x00 0x01 0x04 0x27 0xa9 0x40 0x07                                          NOP;                                    NOP;                                                                                                                              VMUL.80 aml0, ya.s32, r14, c1, r5, wc0.s32, #0, c2, c0
	   230    0x80 0x00 0x01 0x24 0x27 0x29 0x40 0x07                                          NOP;                                    NOP;                                                                                                                              VMUL.80 amh0, ya.s32, r12, c1, r5, wc0.s32, #0, c2, c0
	   238    0x00 0x01                                                                        NOP
	   240    0x00 0x01                                                                        NOP
	   242    0x00 0x01                                                                        NOP
	   244    0x01 0x01                                                                        RET lr
.delay_slot
	   246    0x81 0xac 0x60 0x03                                                              NOP;                                    VMOVS.80.SRSS wd0, bm1, s0
.delay_slot
	   250    0x81 0x8c 0x70 0x03                                                              NOP;                                    VMOVS.80.SRSS wd1, bm0, s0
.delay_slot
	   254    0x7f 0x82 0x00 0x03                                                              NOP;                                                                  MOV.s12 m0, #-32
.delay_slot
	   258    0x08 0x90 0x00 0x00 0x03 0xb9 0x44 0x37                                          PADDA [sp], m0;                         VST wd0, [p0], #32;           NOP
.label gemm_kernel_top__end last
.delay_slot
	   266    0xbb 0xda 0x00 0x03                                                              NOP;                                    VST wd1, [p0]

.undef global text puts

