
// File generated by darts version U-2022.12#3eec2545bc#230622, Tue Jul 15 09:28:03 2025
// Copyright 2014-2022 Synopsys, Inc. All rights reserved.
// darts -I/tools/Xilinx/Vitis/2023.2/aietools/data/versal_prod/lib -d -h -I/tools/Xilinx/Vitis/2023.2/aietools/include -I/home/dwharker/mlir-aie/install/include -I/tools/Xilinx/Vitis/2023.2/aietools/data/versal_prod/lib/runtime_cxx/libcxx-lite/include -I/tools/Xilinx/Vitis/2023.2/aietools/data/versal_prod/lib/runtime_cxx/libs/libcxx-9.0.0/include-lite -I/tools/Xilinx/Vitis/2023.2/aietools/data/versal_prod/lib/runtime/include -D__AIENGINE__ -D__AIE_ARCH__=10 -D__AIEARCH__=10 -DBIT_WIDTH=32 -D__tct_tgt__=230622 -L +Ihex +nanno passThrough.o me

// Release: ipp U-2022.12-TGT-230622
.undef global data _ZN12me_primitive3ss0E


.undef global data _ZN12me_primitive3ms0E


.undef global data _ZN12me_primitive4sst0E


.undef global data _ZN12me_primitive4ssc0E


.undef global data _ZN12me_primitive5wsst0E


.undef global data _ZN12me_primitive4msc0E


.undef global data _ZN12me_primitive3ss1E


.undef global data _ZN12me_primitive3ms1E


.undef global data _ZN12me_primitive4sst1E


.undef global data _ZN12me_primitive4ssc1E


.undef global data _ZN12me_primitive5wsst1E


.undef global data _ZN12me_primitive4msc1E


.undef global data ZERO

.undef global data ONES

.text_segment_name
.text weak 16 _Z15passThrough_aieIiLi16EEvPT_S1_ii
.function_start
	     0    0x00 0x00 0x18 0xff 0x86 0xee 0xd2 0x04 0x06 0x00 0x80 0x3f                      NOP;                MOV.s9 r8, #-4;                                   MUL r9, r6, r7;               MOV.u20 ls, #(ZLS_F_Z15passThrough_aieIiLi16EEvPT_S1_ii_128 + 0);NOP
	    12    0x04 0x00 0x00 0x40 0x6c 0x09 0x07 0xf7                                                                                                                EVENT #0;                     MOV.u20 le, #(ZLE_F_Z15passThrough_aieIiLi16EEvPT_S1_ii_144 + 0);NOP
	    20    0x00 0x00 0x00 0x03                                                              NOP;                                                                  NOP
	    24    0x02 0xa2 0x13 0xfc 0xc8 0x00 0x00 0x37                                          VLDA wr0, [p0], #32;                    NOP;                          ADD r9, r9, #-1
	    32    0x06 0xa2 0x1f 0x44 0xc0 0x00 0x00 0x37                                          VLDA wr1, [p0], #32;                    NOP;                          LSHL r8, r9, r8
.noswbrkpt
	    40    0x02 0xa2 0x0e 0x7c 0x68 0x00 0x00 0x37                                          VLDA wr0, [p0], #32;                    NOP;                          ADD lc, r8, #-3
.nohwbrkpt
.noswbrkpt
	    48    0x06 0xa2 0x00 0x00 0x00 0x00 0x00 0x00 0x00 0x00 0x00 0x00 0x00 0x00 0x00 0x02  VLDA wr1, [p0], #32;NOP;                NOP;                          NOP;                          NOP;                          NOP;                                    NOP
.nohwbrkpt
.noswbrkpt
	    64    0x02 0xa2 0x00 0x00 0x00 0x00 0x00 0x00 0x00 0x00 0x00 0x00 0x00 0x00 0x00 0x02  VLDA wr0, [p0], #32;NOP;                NOP;                          NOP;                          NOP;                          NOP;                                    NOP
.nohwbrkpt
.noswbrkpt
	    80    0x06 0xa2 0x00 0x00 0x00 0x00 0x00 0x00 0x00 0x00 0x00 0x00 0x00 0x00 0x00 0x02  VLDA wr1, [p0], #32;NOP;                NOP;                          NOP;                          NOP;                          NOP;                                    NOP
.nohwbrkpt
.noswbrkpt
	    96    0x02 0xa2 0x00 0x00 0x00 0x00 0x00 0x00 0x00 0x00 0x00 0x00 0x00 0x00 0x00 0x02  VLDA wr0, [p0], #32;NOP;                NOP;                          NOP;                          NOP;                          NOP;                                    NOP
.nohwbrkpt
.noswbrkpt
	   112    0x06 0xa2 0x00 0x00 0x07 0x42 0x89 0x00 0x00 0x00 0x00 0x00 0x00 0x00 0x00 0x02  VLDA wr1, [p0], #32;NOP;                VST wr0, [p1], #32;           NOP;                          NOP;                          NOP;                                    NOP
.label ZLS_F_Z15passThrough_aieIiLi16EEvPT_S1_ii_128
.loop_nesting 1
.begin_of_loop
.nohwbrkpt
.noswbrkpt
	   128    0x02 0xa2 0x00 0x00 0x07 0x4a 0x89 0x00 0x00 0x00 0x00 0x00 0x00 0x00 0x00 0x02  VLDA wr0, [p0], #32;NOP;                VST wr1, [p1], #32;           NOP;                          NOP;                          NOP;                                    NOP
.label ZLE_F_Z15passThrough_aieIiLi16EEvPT_S1_ii_144
.end_of_loop
.nohwbrkpt
.noswbrkpt
	   144    0x06 0xa2 0x00 0x00 0x07 0x42 0x89 0x00 0x00 0x00 0x00 0x00 0x00 0x00 0x00 0x02  VLDA wr1, [p0], #32;NOP;                VST wr0, [p1], #32;           NOP;                          NOP;                          NOP;                                    NOP
.loop_nesting 0
.nohwbrkpt
.noswbrkpt
	   160    0xba 0x54 0x48 0x03                                                              NOP;                                    VST wr1, [p1], #32
.nohwbrkpt
.noswbrkpt
	   164    0x00 0x00 0x01 0x80 0x03 0xa1 0x44 0xb7                                          NOP;                                    VST wr0, [p1], #32;           RET lr
.delay_slot
.nohwbrkpt
.noswbrkpt
	   172    0xba 0x54 0x48 0x03                                                              NOP;                                    VST wr1, [p1], #32
.delay_slot
.nohwbrkpt
.noswbrkpt
	   176    0xba 0x14 0x48 0x03                                                              NOP;                                    VST wr0, [p1], #32
.delay_slot
.nohwbrkpt
.noswbrkpt
	   180    0xba 0x54 0x48 0x03                                                              NOP;                                    VST wr1, [p1], #32
.delay_slot
	   184    0xba 0x14 0x48 0x03                                                              NOP;                                    VST wr0, [p1], #32
.label _Z15passThrough_aieIiLi16EEvPT_S1_ii__end last
.delay_slot
	   188    0x00 0x00 0x02 0x00 0x0b 0xa5 0x44 0xb7                                          NOP;                                    VST wr1, [p1], #32;           EVENT #1

.text_segment_name
.text global 10 passThroughLine
.tail_call
.function_start
	     0    0x80 0x00 0x00 0xa0 0x00 0x00 0x07 0xf7                                                                                  NOP;                                                        J #_Z15passThrough_aieIiLi16EEvPT_S1_ii;NOP
.delay_slot
	     8    0x00 0x00 0x07 0x6d 0xc8 0x00 0xec 0x77                                          NOP;                                                                  MOV.s12 r6, #1;               MOV r7, r6
.delay_slot
.swstall delay_slot
	    16    0x00 0x01                                                                        NOP
.delay_slot
.swstall delay_slot
	    18    0x00 0x01                                                                        NOP
.delay_slot
.swstall delay_slot
	    20    0x00 0x01                                                                        NOP
.label passThroughLine__end last
.delay_slot
.swstall delay_slot
	    22    0x00 0x01                                                                        NOP

.undef global text _Z15passThrough_aieIiLi16EEvPT_S1_ii

.text_segment_name
.text global 10 passThroughTile
.tail_call
.function_start
	     0    0x80 0x00 0x00 0xa0 0x00 0x00 0x07 0xf7                                                                                  NOP;                                                        J #_Z15passThrough_aieIiLi16EEvPT_S1_ii;NOP
.delay_slot
.swstall delay_slot
	     8    0x00 0x01                                                                        NOP
.delay_slot
.swstall delay_slot
	    10    0x00 0x01                                                                        NOP
.delay_slot
.swstall delay_slot
	    12    0x00 0x01                                                                        NOP
.delay_slot
.swstall delay_slot
	    14    0x00 0x01                                                                        NOP
.label passThroughTile__end last
.delay_slot
.swstall delay_slot
	    16    0x00 0x01                                                                        NOP

.undef global text _Z15passThrough_aieIiLi16EEvPT_S1_ii



.direct_eval +,-,(,)
